{"cityDepart7":"San Francisco"}
{"cityArrive8":"Seattle"}
{"cityDepart6":"Portland"}
{"cityArrive8":"Seattle"}
